// Jest Snapshot v1, https://goo.gl/fbAQLP

exports[`Loading renders 1`] = `
<div
  className="Loading-root-1"
>
  <div
    className="MuiLinearProgress-root-2 MuiLinearProgress-secondaryColor-6"
    role="progressbar"
  >
    <div
      className="MuiLinearProgress-bar-9 MuiLinearProgress-secondaryColorBar-7 MuiLinearProgress-indeterminateBar1-14"
      style={Object {}}
    />
    <div
      className="MuiLinearProgress-bar-9 MuiLinearProgress-secondaryColorBar-7 MuiLinearProgress-indeterminateBar2-15"
      style={Object {}}
    />
  </div>
</div>
`;
